1000--------------------------------------------------------...
1001++++++++++++++++++++++++++++++++++++++++++++++++++++++++...
1002========================================================...
2000--------------------------------------------------------...
