this text should be copied verbatim to the output, since
there are no open/close pairs in it.
