The fibonacci function is inefficient. (Very much so!)
