The fibonacci(()) function is inefficient. (Very much so!)
And now, ((((((((((({[(()]}}{weird!}{[[[{[(([]))]}]]]}{(()}
The fibonacci(()) function is inefficient. (Very much so!)
And now, ((((((((((({[((
)]}}{weird!}{[[[{[(([]))]}]]]}{(()}
