{<{`{+<{<{{+9{[`{[{{<2[{``{{<{<{<`{+<[`+[+[++<[<+`+[<{<<[+[{`+{{``<```[+`+{+{+{+{{{{+{[[[+{<`+<<{<4`{+{{`[+{+[<[<`{{[+<{{{`{+[{[{+{```[{`+`[`{{{{<{+[{`+{`{+{[{++<[<++{`<{+{{```<[+`{`{`<+[<+{1}{+[{{[{{`+[<```[{{<{+{<{{{4}}}>}-}>}}]'''>]-'}}]}}]-}->]->'}'}'-]>'''}}-}>'}-->]>--}]}-}'}-'}]-}>}}}}']'-'}]'''}-}]}]-}'}}}>-]}}'>]>]-}-]'}}-}'>}>>-'>}-]]]}-}}}}-}-}-}-'-]'''>''}}-'}]-]>>}>]-'->]>--]-]-']>-}'>}>}>}}''}]>}}]}']}-}}>}>-}'}>}
<<<<{<{<`{<`{+`<{+[`<{[<`<[{{+<{[{+{[[{<{<{<++`[<<{<+`+{<`[<[`{{`+`+{{{{{<[{{+{+<+[`[[++`{<+<<+{+`[<<5<[<`[{{+`{`[<<{{[`+{`<`<{{[{`<0[{`[[[{{[`[<6{`{{{5}{`{+``<{+{{{<+[{[<`{`[+[{{+<{+{{0{[`{{<+<`{{<{+{[[[`{+{{<+<{3{{[`[{`[{<`{{<{{{<+[[3]]->}}}>}}'>}]'}]']}}}>->}}-}']]]}-}>}}'>->}}']}}}-}>-}}]-]'}'>]}]->}}}-}>''-}'}}}'}>]']}}]]]'}]>'}]}}>'>'}-']}}>>]'}'-}}]'>]>>>]'-}->>->}'--]]']->-}-}}]>}}}}}-'-'}}']>]'>}-'->}>>]'-->}>}>}]]}-}]}>-}}]>'>]}>']-}>'-}'>}'>}>}>>>>
[[+`++{0}``{<{<<`{[`{<{+[{+5[<[0{+``<{<`+{{{{{<`{{`{{[+{{{4{{<<{{+{{<{<{{``<`[{{{{<{`[<<```<<<<{{+{[[{`{{`{{{+[{{{[{+{<`[{<<<{{<`9`[+{<{[+<`[{<<<+<{[`{+`{5<``{{`<{{{{{+{`{`+{`+`{[{+{`{{[[+`{{+{<<{<`{[[`[+[[<+<+2-`3'><[{[+`{<[``+`{[{{[+<{{`{``+<+[`[`[6]']']->-''}'}}>-]}}]}'-'']>}'-]}]>->]]-]']]}'>}>>}-}}'-]]}}'}-}]}'-'}-'}'}-}}}}}>'}}''>}'-}']}>->>>}]'>-]}>}-]''>}}>>>}]'>}-}]}}}]-}}}'}}'}]]}-}}>>>>'''>>]'}>}}}}]'>''}}>}>}}-}}>>}}}}}-]}}'}}'>}}}}}-'>}>''-}]>]-}]-}>}']}'>>}>}''--'-]]
`<[{``++{<<`<{{`+0{<{+2+[+<[{{[[`{{[{+`{{{[{<[+````{<`{<`{[{{``+++<+`{<{+{{`{+`{`+[[{[{++<{+[[+8-[[[<<<+{[{{<[{[`{{[++{{`[`{`{`{<`<{{[`{{{{<{+{+++`[`<+`{+`<{<{7<[<{<{{[``+{{`<`{`<<6>>'}'>'}}-'']}}>}>]>}>}>'-}'->']'---}-}>}}}}']}}>'>}'}'}']'}}--]}}']}]>}}]}->>>]]]]]-}>--}]}]]-'}'-}'}}-}>}'->---''}}]}'>}'>}''''-]>}]}}}'-}]}}']]}}]>-]--}>}-'}}>'>>}--''}]>'
{<[`{{<{``[{<`{[{+{+<+`{``<<<<[{{++{<[[[{{{{<+{[+<{+{+{`{```<<[{{<9`[<<{`{{``<6>'[``[[`+++{{`[[{{<[{`[``{<+{`[<[`[`[+`[`{[{++{[<[{{{+<{``+[[[<`{`{[`+``[{{{{[[{{`{`{{{{{{`{{<[`{{{[{[<+{[{{<``{{{{{`[{{<<+``{+<<[<`[<<<`<{+{[<<[`+2+[{7`1+{+[`{{<{7}>}}']-}-'}]--']>>]}-}>'>>>]'>]>>-}''->>}}]'}}}}}''>}}]}->]}]}}}']>}}'}}}}}}'}'}}]]}}}}]''-']}'}'>]]]-''}>-}}}]>]}--}]}']'-]']']>]'}->}'']'}]>}}]]'}}---']]'']'}}'}>>]'>}}]>>'''}'}-}-}>-]}->}}}}]]]>}--}}]>>>>''}'->-}-}]}'>}]''}>}}']>}
+`{{+[{`[{{`<{<{[{++[<`{{{`<+{{<++[{[+[[{``{`[<<`[<<[+[<{{<`<+`{+[+{`{`{`+{{+`[<<[<[+<`[+4{+[`[{<<8[<+[[[<`<<{{[{`[+<<+{`+9[[`<+[{[[[[+{<+{`{{[<{+++[<{<{+{``<{+3-}>''}-}>}>]---}>]}}'}->}-]]]]}]->']]-'}->>-]'}]}}>>'>]]]->]>>}]']-}-]'>-]>]>>]'-}}-'}'}'}-]-}'->'>}}>]-]>>]'>>]'}''}]]-]}]-->}}->'}}}'>]--}]}>}>'}}]'}]-}}'-
[`{[{+[``{{{{+<`{{+{+``<+[[+`<[++{{{+{{{{+{<{+<{<{<{<{{{`{{[{[{{+`{<{[<<{+{<`<[{1`[[[+{+{+[++`+{{<`[{[{<{{`[{{+`+[+[{<`[+<+<<<+<[[{[`[````{`[{`{[+<{<{{+<`{``{``<{{{{[`[<```+{+{[<<{`+[+{[{{+[`5']-}}]}-]-'}>>]}-}-'''>]']}}}}>''}''}'>-}}>}>-]}'}]'}'''']']}]]>->>>->-]'>}]-]-'-}}]'}}>}]}]'>}}-'--]-}-}-]]]'}]>'>}-}>>]}>}'-}}]}]}}'}}}>}>}>}>-}>}-}}}}-}}}--]>'-]]->''-}-}}'>-}}}}'']-}]}']
{`[{{<{<+{{[{{`[0{{{{{{{`{`+`{{<{`{<`+{{{+<{7+[++[{{{`{[[+{++{`++<+{`{`{[{[`+[<+{<<`++<{{{+1++{{+[+{`+{+{<<{[+`<`<{{<`{{{+<[<[+`{<{``{+[<{`{[{`++8{[{+`[[`{++<[+<+{6}->-]>--}']]'-}]}--'}]}'}>]-}''}>}'-]>]>-}}}'>}}>'>'-]}>>}-}-'}-]-}}---}}}>--'>>}->]-']}]}'}'}->--'}--}-]]}'}}}]--]-}>-}}}-'>}'}>}}'-'}'}}}}}}}]'}}]}}->}>}}]'}
<[{{<{{++{+{`++{[{{``+{{<{+`[{[{{<++{{<{[+`[{{<``{+{{<`+<`{[{{<2+[[[{<`{{[{<`{+[[`[`{+<<{<{`<<{<<[{`{{```{{[[+[`+{{{{<+{[+``<`<`+[[{{{[+{`<{{{<{5}>}}}>{{+[<{[[{{+{<[`{[`<{{++[<[+<<{<<<<`+<+{<{[{{{{`+`[[`{{`<`[<{++<{{{`{`[[{{7}}]]'}'}}}>--}>]'>'}}']]'-'}}}}]}>}->-'>>>>}>>-]>]--}}>']}']>}-}}]]}>]-}}'}-]}}}]]-'>'>''-]}->}}}}-']-]]}}'''}}'}]>>}>>'}>}>>-}']']]-}'>}]}}'>}]]]->}}]}'>-'>}}-}''>}}]'-]}>}}-->}}]}]'-}>}}-''}}]}--'}-}--}}>}}]>
[{{{[{`+{{++{<+{{{{[``<``{{[{`[{{+{3}+[[{<+<{[<{+{{{++`{++{+[{`+<<<{{1+{[{++{{+{<{[`{`+[[{+{<{[[+2+[{`{[<<{+{[`{+{{`<[`+{+{`{<`+{{+{+<+[`[[{<{{[<{[{[{+1-}++`{{{<[+[{`[<{[{{<<{{{`+<`+[[[<+<{``+++<[{{<[{+`[3]'-}]>}}]>---''}>->]]]-'>-'}}}>>}}]}>]'}]-]>}}}'--]}]}>]}}>}]]']->-}-}}-'>}'}-}-']>'}}-}']}-}>>]}'}]--]]}>}-}]]-'}']}>}-}}--}]}-}}>>>-'}]-}--}'--}}}-}>]}>->}]]--}}]'}]}}''>'']}}}}->}--}}-'}]}}}]
