98115
[2924]
00518
+2107-
02966
50106
49869
37
492
50294
