90027
2659
35894
52180
8b225d
41391
7b621d
76056
28354
58094
